2026-05-25 15:55:08,327 | INFO | Scheduler task started
2026-05-25 15:55:44,642 | INFO | Scheduler task completed successfully
2026-05-25 15:55:44,643 | INFO | Execution Time: 0:00:36.285995
2026-05-25 15:55:44,643 | INFO | Script Output: Stopping VM...
VM Stopped Successfully

2026-06-03 09:29:46,591 | INFO | Scheduler task started
2026-06-03 09:29:50,869 | INFO | Scheduler task completed successfully
2026-06-03 09:29:50,870 | INFO | Execution Time: 0:00:04.277050
2026-06-03 09:29:50,870 | INFO | Script Output: Execution Started At: 2026-06-03 09:29:48
==================================================
Stopping VM...
Error: ('Connection aborted.', ConnectionResetError(10054, 'An existing connection was forcibly closed by the remote host', None, 10054, None))

==================================================
Execution Completed At: 2026-06-03 09:29:50
Execution Time: 2.68 seconds
==================================================

2026-06-03 09:33:16,578 | INFO | Scheduler task started
2026-06-03 09:33:21,356 | INFO | Scheduler task completed successfully
2026-06-03 09:33:21,356 | INFO | Execution Time: 0:00:04.775956
2026-06-03 09:33:21,356 | INFO | Script Output: Execution Started At: 2026-06-03 09:33:17
==================================================
Stopping VM...
Error: ('Connection aborted.', ConnectionResetError(10054, 'An existing connection was forcibly closed by the remote host', None, 10054, None))

==================================================
Execution Completed At: 2026-06-03 09:33:21
Execution Time: 3.39 seconds
==================================================

2026-06-03 09:36:01,664 | INFO | Scheduler task started
2026-06-03 09:36:36,446 | INFO | Scheduler task completed successfully
2026-06-03 09:36:36,446 | INFO | Execution Time: 0:00:34.780218
2026-06-03 09:36:36,446 | INFO | Script Output: Execution Started At: 2026-06-03 09:36:02
==================================================
Stopping VM...
VM Stopped Successfully

==================================================
Execution Completed At: 2026-06-03 09:36:36
Execution Time: 33.85 seconds
==================================================

2026-06-03 09:38:21,988 | INFO | Scheduler task started
2026-06-03 09:38:24,048 | INFO | Scheduler task completed successfully
2026-06-03 09:38:24,048 | INFO | Execution Time: 0:00:02.057573
2026-06-03 09:38:24,048 | INFO | Script Output: Execution Started At: 2026-06-03 09:38:22
==================================================
Stopping VM...
Error: ('Connection aborted.', ConnectionResetError(10054, 'An existing connection was forcibly closed by the remote host', None, 10054, None))

==================================================
Execution Completed At: 2026-06-03 09:38:23
Execution Time: 1.3 seconds
==================================================

2026-06-03 09:40:01,563 | INFO | Scheduler task started
2026-06-03 09:40:35,063 | INFO | Scheduler task completed successfully
2026-06-03 09:40:35,064 | INFO | Execution Time: 0:00:33.499035
2026-06-03 09:40:35,064 | INFO | Script Output: Execution Started At: 2026-06-03 09:40:02
==================================================
Stopping VM...
VM Stopped Successfully

==================================================
Execution Completed At: 2026-06-03 09:40:34
Execution Time: 32.82 seconds
==================================================

