2026-05-25 13:50:26,425 INFO AzureCliCredential.get_token_info succeeded
2026-05-25 13:50:26,428 INFO Request URL: 'https://management.azure.com/subscriptions/a8bd7b1b-b9aa-4283-aec4-2040b847d926/resourceGroups/AutoProjectRG/providers/Microsoft.Storage/storageAccounts/autoprojectstorage123?api-version=2025-08-01'
Request method: 'PUT'
Request headers:
    'Content-Type': 'application/json'
    'Content-Length': '82'
    'Accept': 'application/json'
    'x-ms-client-request-id': '945ceb8d-5812-11f1-920d-088fc34e0447'
    'User-Agent': 'azsdk-python-mgmt-storage/25.0.0 Python/3.12.0 (Windows-11-10.0.22621-SP0)'
    'Authorization': 'REDACTED'
A body is sent with the request
2026-05-25 13:50:32,117 INFO Response status: 202
Response headers:
    'Cache-Control': 'no-cache'
    'Pragma': 'no-cache'
    'Content-Type': 'text/plain; charset=utf-8'
    'Expires': '-1'
    'Location': 'REDACTED'
    'Retry-After': '17'
    'x-ms-request-id': '5b7621db-4df1-4fb2-af25-2f73b9dff332'
    'Strict-Transport-Security': 'REDACTED'
    'x-ms-operation-identifier': 'REDACTED'
    'x-ms-ratelimit-remaining-subscription-writes': '199'
    'x-ms-ratelimit-remaining-subscription-global-writes': 'REDACTED'
    'x-ms-correlation-request-id': 'REDACTED'
    'x-ms-routing-request-id': 'REDACTED'
    'X-Content-Type-Options': 'REDACTED'
    'X-Cache': 'REDACTED'
    'X-MSEdge-Ref': 'Ref A: 8A3E4D6E03A945DDA90A3A392C340ACC Ref B: PNQ231110909034 Ref C: 2026-05-25T08:20:27Z'
    'Date': 'Mon, 25 May 2026 08:20:31 GMT'
    'Content-Length': '0'
2026-05-25 13:50:32,120 INFO Request URL: 'https://management.azure.com/subscriptions/a8bd7b1b-b9aa-4283-aec4-2040b847d926/providers/Microsoft.Storage/locations/centralindia/asyncoperations/5b7621db-4df1-4fb2-af25-2f73b9dff332?monitor=REDACTED&api-version=2025-08-01&t=REDACTED&c=REDACTED&s=REDACTED&h=REDACTED'
Request method: 'GET'
Request headers:
    'x-ms-client-request-id': '945ceb8d-5812-11f1-920d-088fc34e0447'
    'User-Agent': 'azsdk-python-mgmt-storage/25.0.0 Python/3.12.0 (Windows-11-10.0.22621-SP0)'
    'Authorization': 'REDACTED'
No body was attached to the request
2026-05-25 13:50:32,493 INFO Response status: 202
Response headers:
    'Cache-Control': 'no-cache'
    'Pragma': 'no-cache'
    'Content-Type': 'text/plain; charset=utf-8'
    'Expires': '-1'
    'Location': 'REDACTED'
    'Retry-After': '17'
    'x-ms-request-id': '6c2a0fd5-c568-4044-aa9c-1da1e2c99cb1'
    'Strict-Transport-Security': 'REDACTED'
    'x-ms-operation-identifier': 'REDACTED'
    'x-ms-ratelimit-remaining-subscription-reads': '249'
    'x-ms-ratelimit-remaining-subscription-global-reads': 'REDACTED'
    'x-ms-correlation-request-id': 'REDACTED'
    'x-ms-routing-request-id': 'REDACTED'
    'X-Content-Type-Options': 'REDACTED'
    'X-Cache': 'REDACTED'
    'X-MSEdge-Ref': 'Ref A: A8B12D4AF0A64C7699B6238943DB171B Ref B: PNQ231110909034 Ref C: 2026-05-25T08:20:32Z'
    'Date': 'Mon, 25 May 2026 08:20:32 GMT'
    'Content-Length': '0'
2026-05-25 13:50:49,494 INFO Request URL: 'https://management.azure.com/subscriptions/a8bd7b1b-b9aa-4283-aec4-2040b847d926/providers/Microsoft.Storage/locations/centralindia/asyncoperations/5b7621db-4df1-4fb2-af25-2f73b9dff332?monitor=REDACTED&api-version=2025-08-01&t=REDACTED&c=REDACTED&s=REDACTED&h=REDACTED'
Request method: 'GET'
Request headers:
    'x-ms-client-request-id': '945ceb8d-5812-11f1-920d-088fc34e0447'
    'User-Agent': 'azsdk-python-mgmt-storage/25.0.0 Python/3.12.0 (Windows-11-10.0.22621-SP0)'
    'Authorization': 'REDACTED'
No body was attached to the request
2026-05-25 13:50:49,838 INFO Response status: 200
Response headers:
    'Cache-Control': 'no-cache'
    'Pragma': 'no-cache'
    'Content-Length': '1561'
    'Content-Type': 'application/json'
    'Expires': '-1'
    'x-ms-request-id': 'e9923b18-8443-4b15-8685-eeaf8bc462fb'
    'Strict-Transport-Security': 'REDACTED'
    'x-ms-operation-identifier': 'REDACTED'
    'x-ms-ratelimit-remaining-subscription-reads': '249'
    'x-ms-ratelimit-remaining-subscription-global-reads': 'REDACTED'
    'x-ms-correlation-request-id': 'REDACTED'
    'x-ms-routing-request-id': 'REDACTED'
    'X-Content-Type-Options': 'REDACTED'
    'X-Cache': 'REDACTED'
    'X-MSEdge-Ref': 'Ref A: 53BF4B0C48734E318AA5D7A43E16A8D6 Ref B: PNQ231110909034 Ref C: 2026-05-25T08:20:49Z'
    'Date': 'Mon, 25 May 2026 08:20:49 GMT'
2026-05-25 13:50:49,851 INFO Storage account created successfully
2026-05-26 15:56:42,810 INFO AzureCliCredential.get_token_info succeeded
2026-05-26 15:56:42,812 INFO Request URL: 'https://management.azure.com/subscriptions/a8bd7b1b-b9aa-4283-aec4-2040b847d926/resourceGroups/AutoProjectRG/providers/Microsoft.Storage/storageAccounts/autoprojectstorage123?api-version=2025-08-01'
Request method: 'PUT'
Request headers:
    'Content-Type': 'application/json'
    'Content-Length': '82'
    'Accept': 'application/json'
    'x-ms-client-request-id': '6326b9bc-58ed-11f1-9fef-4c034fe7e914'
    'User-Agent': 'azsdk-python-mgmt-storage/25.0.0 Python/3.12.0 (Windows-11-10.0.22621-SP0)'
    'Authorization': 'REDACTED'
A body is sent with the request
2026-05-26 15:56:49,517 INFO Response status: 202
Response headers:
    'Cache-Control': 'no-cache'
    'Pragma': 'no-cache'
    'Content-Type': 'text/plain; charset=utf-8'
    'Expires': '-1'
    'Location': 'REDACTED'
    'Retry-After': '17'
    'x-ms-request-id': 'debdef7f-e908-4685-84a2-dfdec019646c'
    'Strict-Transport-Security': 'REDACTED'
    'x-ms-operation-identifier': 'REDACTED'
    'x-ms-ratelimit-remaining-subscription-writes': '199'
    'x-ms-ratelimit-remaining-subscription-global-writes': 'REDACTED'
    'x-ms-correlation-request-id': 'REDACTED'
    'x-ms-routing-request-id': 'REDACTED'
    'X-Content-Type-Options': 'REDACTED'
    'X-Cache': 'REDACTED'
    'X-MSEdge-Ref': 'Ref A: 2A7B78FE7C854A2BAFB82CFBCCDBCDC5 Ref B: PNQ231110907052 Ref C: 2026-05-26T10:26:43Z'
    'Date': 'Tue, 26 May 2026 10:26:48 GMT'
    'Content-Length': '0'
2026-05-26 15:56:49,518 INFO Request URL: 'https://management.azure.com/subscriptions/a8bd7b1b-b9aa-4283-aec4-2040b847d926/providers/Microsoft.Storage/locations/centralindia/asyncoperations/debdef7f-e908-4685-84a2-dfdec019646c?monitor=REDACTED&api-version=2025-08-01&t=REDACTED&c=REDACTED&s=REDACTED&h=REDACTED'
Request method: 'GET'
Request headers:
    'x-ms-client-request-id': '6326b9bc-58ed-11f1-9fef-4c034fe7e914'
    'User-Agent': 'azsdk-python-mgmt-storage/25.0.0 Python/3.12.0 (Windows-11-10.0.22621-SP0)'
    'Authorization': 'REDACTED'
No body was attached to the request
2026-05-26 15:56:50,820 INFO Response status: 202
Response headers:
    'Cache-Control': 'no-cache'
    'Pragma': 'no-cache'
    'Content-Type': 'text/plain; charset=utf-8'
    'Expires': '-1'
    'Location': 'REDACTED'
    'Retry-After': '17'
    'x-ms-request-id': '532e7fac-2619-4150-942e-16a71ca6d5df'
    'Strict-Transport-Security': 'REDACTED'
    'x-ms-operation-identifier': 'REDACTED'
    'x-ms-ratelimit-remaining-subscription-reads': '249'
    'x-ms-ratelimit-remaining-subscription-global-reads': 'REDACTED'
    'x-ms-correlation-request-id': 'REDACTED'
    'x-ms-routing-request-id': 'REDACTED'
    'X-Content-Type-Options': 'REDACTED'
    'X-Cache': 'REDACTED'
    'X-MSEdge-Ref': 'Ref A: 3DC0F0A858C8467D8400A5CB6E0E666B Ref B: PNQ231110907052 Ref C: 2026-05-26T10:26:49Z'
    'Date': 'Tue, 26 May 2026 10:26:50 GMT'
    'Content-Length': '0'
2026-05-26 15:57:07,821 INFO Request URL: 'https://management.azure.com/subscriptions/a8bd7b1b-b9aa-4283-aec4-2040b847d926/providers/Microsoft.Storage/locations/centralindia/asyncoperations/debdef7f-e908-4685-84a2-dfdec019646c?monitor=REDACTED&api-version=2025-08-01&t=REDACTED&c=REDACTED&s=REDACTED&h=REDACTED'
Request method: 'GET'
Request headers:
    'x-ms-client-request-id': '6326b9bc-58ed-11f1-9fef-4c034fe7e914'
    'User-Agent': 'azsdk-python-mgmt-storage/25.0.0 Python/3.12.0 (Windows-11-10.0.22621-SP0)'
    'Authorization': 'REDACTED'
No body was attached to the request
2026-05-26 15:57:08,592 INFO Response status: 200
Response headers:
    'Cache-Control': 'no-cache'
    'Pragma': 'no-cache'
    'Content-Length': '1561'
    'Content-Type': 'application/json'
    'Expires': '-1'
    'x-ms-request-id': '125decfa-853d-4ecf-932e-3d5e6317067a'
    'Strict-Transport-Security': 'REDACTED'
    'x-ms-operation-identifier': 'REDACTED'
    'x-ms-ratelimit-remaining-subscription-reads': '249'
    'x-ms-ratelimit-remaining-subscription-global-reads': 'REDACTED'
    'x-ms-correlation-request-id': 'REDACTED'
    'x-ms-routing-request-id': 'REDACTED'
    'X-Content-Type-Options': 'REDACTED'
    'X-Cache': 'REDACTED'
    'X-MSEdge-Ref': 'Ref A: 8BF9272F22CA445582198ABBE1D49A12 Ref B: PNQ231110907052 Ref C: 2026-05-26T10:27:07Z'
    'Date': 'Tue, 26 May 2026 10:27:07 GMT'
2026-05-26 15:57:08,598 INFO Storage account created successfully
2026-05-26 17:05:27,265 INFO AzureCliCredential.get_token_info succeeded
2026-05-26 17:05:27,267 INFO Request URL: 'https://management.azure.com/subscriptions/a8bd7b1b-b9aa-4283-aec4-2040b847d926/resourceGroups/AutoProjectRG/providers/Microsoft.Storage/storageAccounts/autoprojectstorage123?api-version=2025-08-01'
Request method: 'PUT'
Request headers:
    'Content-Type': 'application/json'
    'Content-Length': '82'
    'Accept': 'application/json'
    'x-ms-client-request-id': 'fd69543d-58f6-11f1-92c4-4c034fe7e914'
    'User-Agent': 'azsdk-python-mgmt-storage/25.0.0 Python/3.12.0 (Windows-11-10.0.22621-SP0)'
    'Authorization': 'REDACTED'
A body is sent with the request
2026-05-26 17:05:33,073 INFO Response status: 202
Response headers:
    'Cache-Control': 'no-cache'
    'Pragma': 'no-cache'
    'Content-Type': 'text/plain; charset=utf-8'
    'Expires': '-1'
    'Location': 'REDACTED'
    'Retry-After': '17'
    'x-ms-request-id': '98a08d34-a734-420c-9b01-632adfafcf8d'
    'Strict-Transport-Security': 'REDACTED'
    'x-ms-operation-identifier': 'REDACTED'
    'x-ms-ratelimit-remaining-subscription-writes': '199'
    'x-ms-ratelimit-remaining-subscription-global-writes': 'REDACTED'
    'x-ms-correlation-request-id': 'REDACTED'
    'x-ms-routing-request-id': 'REDACTED'
    'X-Content-Type-Options': 'REDACTED'
    'X-Cache': 'REDACTED'
    'X-MSEdge-Ref': 'Ref A: 13C34C5639694F208BB4EF6B07E0093F Ref B: PNQ231110906036 Ref C: 2026-05-26T11:35:27Z'
    'Date': 'Tue, 26 May 2026 11:35:32 GMT'
    'Content-Length': '0'
2026-05-26 17:05:33,076 INFO Request URL: 'https://management.azure.com/subscriptions/a8bd7b1b-b9aa-4283-aec4-2040b847d926/providers/Microsoft.Storage/locations/centralindia/asyncoperations/98a08d34-a734-420c-9b01-632adfafcf8d?monitor=REDACTED&api-version=2025-08-01&t=REDACTED&c=REDACTED&s=REDACTED&h=REDACTED'
Request method: 'GET'
Request headers:
    'x-ms-client-request-id': 'fd69543d-58f6-11f1-92c4-4c034fe7e914'
    'User-Agent': 'azsdk-python-mgmt-storage/25.0.0 Python/3.12.0 (Windows-11-10.0.22621-SP0)'
    'Authorization': 'REDACTED'
No body was attached to the request
2026-05-26 17:05:33,628 INFO Response status: 202
Response headers:
    'Cache-Control': 'no-cache'
    'Pragma': 'no-cache'
    'Content-Type': 'text/plain; charset=utf-8'
    'Expires': '-1'
    'Location': 'REDACTED'
    'Retry-After': '17'
    'x-ms-request-id': 'feeb507f-2e2a-4116-bdb9-e676daa475c1'
    'Strict-Transport-Security': 'REDACTED'
    'x-ms-operation-identifier': 'REDACTED'
    'x-ms-ratelimit-remaining-subscription-reads': '249'
    'x-ms-ratelimit-remaining-subscription-global-reads': 'REDACTED'
    'x-ms-correlation-request-id': 'REDACTED'
    'x-ms-routing-request-id': 'REDACTED'
    'X-Content-Type-Options': 'REDACTED'
    'X-Cache': 'REDACTED'
    'X-MSEdge-Ref': 'Ref A: EA5633B61DA8452C95F8563DDA7B75C2 Ref B: PNQ231110906036 Ref C: 2026-05-26T11:35:32Z'
    'Date': 'Tue, 26 May 2026 11:35:32 GMT'
    'Content-Length': '0'
2026-05-26 17:05:50,628 INFO Request URL: 'https://management.azure.com/subscriptions/a8bd7b1b-b9aa-4283-aec4-2040b847d926/providers/Microsoft.Storage/locations/centralindia/asyncoperations/98a08d34-a734-420c-9b01-632adfafcf8d?monitor=REDACTED&api-version=2025-08-01&t=REDACTED&c=REDACTED&s=REDACTED&h=REDACTED'
Request method: 'GET'
Request headers:
    'x-ms-client-request-id': 'fd69543d-58f6-11f1-92c4-4c034fe7e914'
    'User-Agent': 'azsdk-python-mgmt-storage/25.0.0 Python/3.12.0 (Windows-11-10.0.22621-SP0)'
    'Authorization': 'REDACTED'
No body was attached to the request
2026-05-26 17:05:50,788 INFO Response status: 200
Response headers:
    'Cache-Control': 'no-cache'
    'Pragma': 'no-cache'
    'Content-Length': '1561'
    'Content-Type': 'application/json'
    'Expires': '-1'
    'x-ms-request-id': '7933fdae-2d38-4318-9ee8-9885b955e349'
    'Strict-Transport-Security': 'REDACTED'
    'x-ms-operation-identifier': 'REDACTED'
    'x-ms-ratelimit-remaining-subscription-reads': '249'
    'x-ms-ratelimit-remaining-subscription-global-reads': 'REDACTED'
    'x-ms-correlation-request-id': 'REDACTED'
    'x-ms-routing-request-id': 'REDACTED'
    'X-Content-Type-Options': 'REDACTED'
    'X-Cache': 'REDACTED'
    'X-MSEdge-Ref': 'Ref A: F8397B9C13AC4F36B1E7A92895488A71 Ref B: PNQ231110906036 Ref C: 2026-05-26T11:35:50Z'
    'Date': 'Tue, 26 May 2026 11:35:50 GMT'
2026-05-26 17:05:50,806 INFO Storage account created successfully
2026-05-28 10:55:06,931 INFO AzureCliCredential.get_token_info succeeded
2026-05-28 10:55:06,933 INFO Request URL: 'https://management.azure.com/subscriptions/a8bd7b1b-b9aa-4283-aec4-2040b847d926/resourceGroups/AutoProjectRG/providers/Microsoft.Storage/storageAccounts/autoprojectstorage123?api-version=2025-08-01'
Request method: 'PUT'
Request headers:
    'Content-Type': 'application/json'
    'Content-Length': '82'
    'Accept': 'application/json'
    'x-ms-client-request-id': '95f775e3-5a55-11f1-a531-4c034fe7e914'
    'User-Agent': 'azsdk-python-mgmt-storage/25.0.0 Python/3.12.0 (Windows-11-10.0.22621-SP0)'
    'Authorization': 'REDACTED'
A body is sent with the request
2026-05-28 10:55:07,286 INFO Request URL: 'https://management.azure.com/subscriptions/a8bd7b1b-b9aa-4283-aec4-2040b847d926/resourceGroups/AutoProjectRG/providers/Microsoft.Storage/storageAccounts/autoprojectstorage123?api-version=2025-08-01'
Request method: 'PUT'
Request headers:
    'Content-Type': 'application/json'
    'Content-Length': '82'
    'Accept': 'application/json'
    'x-ms-client-request-id': '95f775e3-5a55-11f1-a531-4c034fe7e914'
    'User-Agent': 'azsdk-python-mgmt-storage/25.0.0 Python/3.12.0 (Windows-11-10.0.22621-SP0)'
    'Authorization': 'REDACTED'
A body is sent with the request
2026-05-28 10:55:13,014 INFO Response status: 202
Response headers:
    'Cache-Control': 'no-cache'
    'Pragma': 'no-cache'
    'Content-Type': 'text/plain; charset=utf-8'
    'Expires': '-1'
    'Location': 'REDACTED'
    'Retry-After': '17'
    'x-ms-request-id': 'ff5c7d97-a661-4cc2-8e0c-bbe5594b1b35'
    'Strict-Transport-Security': 'REDACTED'
    'x-ms-operation-identifier': 'REDACTED'
    'x-ms-ratelimit-remaining-subscription-writes': '199'
    'x-ms-ratelimit-remaining-subscription-global-writes': 'REDACTED'
    'x-ms-correlation-request-id': 'REDACTED'
    'x-ms-routing-request-id': 'REDACTED'
    'X-Content-Type-Options': 'REDACTED'
    'X-Cache': 'REDACTED'
    'X-MSEdge-Ref': 'Ref A: 1CE29633F41A4069AEC0F819BE9D7A42 Ref B: PNQ231110908060 Ref C: 2026-05-28T05:25:07Z'
    'Date': 'Thu, 28 May 2026 05:25:12 GMT'
    'Content-Length': '0'
2026-05-28 10:55:13,017 INFO Request URL: 'https://management.azure.com/subscriptions/a8bd7b1b-b9aa-4283-aec4-2040b847d926/providers/Microsoft.Storage/locations/centralindia/asyncoperations/ff5c7d97-a661-4cc2-8e0c-bbe5594b1b35?monitor=REDACTED&api-version=2025-08-01&t=REDACTED&c=REDACTED&s=REDACTED&h=REDACTED'
Request method: 'GET'
Request headers:
    'x-ms-client-request-id': '95f775e3-5a55-11f1-a531-4c034fe7e914'
    'User-Agent': 'azsdk-python-mgmt-storage/25.0.0 Python/3.12.0 (Windows-11-10.0.22621-SP0)'
    'Authorization': 'REDACTED'
No body was attached to the request
2026-05-28 10:55:13,488 INFO Response status: 202
Response headers:
    'Cache-Control': 'no-cache'
    'Pragma': 'no-cache'
    'Content-Type': 'text/plain; charset=utf-8'
    'Expires': '-1'
    'Location': 'REDACTED'
    'Retry-After': '17'
    'x-ms-request-id': 'f01abfec-47de-4add-a235-61c8297a117d'
    'Strict-Transport-Security': 'REDACTED'
    'x-ms-operation-identifier': 'REDACTED'
    'x-ms-ratelimit-remaining-subscription-reads': '249'
    'x-ms-ratelimit-remaining-subscription-global-reads': 'REDACTED'
    'x-ms-correlation-request-id': 'REDACTED'
    'x-ms-routing-request-id': 'REDACTED'
    'X-Content-Type-Options': 'REDACTED'
    'X-Cache': 'REDACTED'
    'X-MSEdge-Ref': 'Ref A: B706C094D2654EEB96CDAE09084FCE2B Ref B: PNQ231110908060 Ref C: 2026-05-28T05:25:13Z'
    'Date': 'Thu, 28 May 2026 05:25:13 GMT'
    'Content-Length': '0'
2026-05-28 10:55:30,490 INFO Request URL: 'https://management.azure.com/subscriptions/a8bd7b1b-b9aa-4283-aec4-2040b847d926/providers/Microsoft.Storage/locations/centralindia/asyncoperations/ff5c7d97-a661-4cc2-8e0c-bbe5594b1b35?monitor=REDACTED&api-version=2025-08-01&t=REDACTED&c=REDACTED&s=REDACTED&h=REDACTED'
Request method: 'GET'
Request headers:
    'x-ms-client-request-id': '95f775e3-5a55-11f1-a531-4c034fe7e914'
    'User-Agent': 'azsdk-python-mgmt-storage/25.0.0 Python/3.12.0 (Windows-11-10.0.22621-SP0)'
    'Authorization': 'REDACTED'
No body was attached to the request
2026-05-28 10:55:30,659 INFO Response status: 202
Response headers:
    'Cache-Control': 'no-cache'
    'Pragma': 'no-cache'
    'Content-Type': 'text/plain; charset=utf-8'
    'Expires': '-1'
    'Location': 'REDACTED'
    'Retry-After': '3'
    'x-ms-request-id': '3bc8f7c8-3cda-47a3-bd2a-14fc2f21526c'
    'Strict-Transport-Security': 'REDACTED'
    'x-ms-operation-identifier': 'REDACTED'
    'x-ms-ratelimit-remaining-subscription-reads': '249'
    'x-ms-ratelimit-remaining-subscription-global-reads': 'REDACTED'
    'x-ms-correlation-request-id': 'REDACTED'
    'x-ms-routing-request-id': 'REDACTED'
    'X-Content-Type-Options': 'REDACTED'
    'X-Cache': 'REDACTED'
    'X-MSEdge-Ref': 'Ref A: 7E88FBBD2B49496DBE72DA8BAFA8E099 Ref B: PNQ231110908060 Ref C: 2026-05-28T05:25:30Z'
    'Date': 'Thu, 28 May 2026 05:25:30 GMT'
    'Content-Length': '0'
2026-05-28 10:55:33,660 INFO Request URL: 'https://management.azure.com/subscriptions/a8bd7b1b-b9aa-4283-aec4-2040b847d926/providers/Microsoft.Storage/locations/centralindia/asyncoperations/ff5c7d97-a661-4cc2-8e0c-bbe5594b1b35?monitor=REDACTED&api-version=2025-08-01&t=REDACTED&c=REDACTED&s=REDACTED&h=REDACTED'
Request method: 'GET'
Request headers:
    'x-ms-client-request-id': '95f775e3-5a55-11f1-a531-4c034fe7e914'
    'User-Agent': 'azsdk-python-mgmt-storage/25.0.0 Python/3.12.0 (Windows-11-10.0.22621-SP0)'
    'Authorization': 'REDACTED'
No body was attached to the request
2026-05-28 10:55:34,206 INFO Response status: 202
Response headers:
    'Cache-Control': 'no-cache'
    'Pragma': 'no-cache'
    'Content-Type': 'text/plain; charset=utf-8'
    'Expires': '-1'
    'Location': 'REDACTED'
    'Retry-After': '3'
    'x-ms-request-id': 'dc95efbc-42ef-44fc-b151-6d1f8db7281d'
    'Strict-Transport-Security': 'REDACTED'
    'x-ms-operation-identifier': 'REDACTED'
    'x-ms-ratelimit-remaining-subscription-reads': '249'
    'x-ms-ratelimit-remaining-subscription-global-reads': 'REDACTED'
    'x-ms-correlation-request-id': 'REDACTED'
    'x-ms-routing-request-id': 'REDACTED'
    'X-Content-Type-Options': 'REDACTED'
    'X-Cache': 'REDACTED'
    'X-MSEdge-Ref': 'Ref A: 3CA3D3CB469C4ADAA12CC4670069872A Ref B: PNQ231110908060 Ref C: 2026-05-28T05:25:33Z'
    'Date': 'Thu, 28 May 2026 05:25:33 GMT'
    'Content-Length': '0'
2026-05-28 10:55:37,207 INFO Request URL: 'https://management.azure.com/subscriptions/a8bd7b1b-b9aa-4283-aec4-2040b847d926/providers/Microsoft.Storage/locations/centralindia/asyncoperations/ff5c7d97-a661-4cc2-8e0c-bbe5594b1b35?monitor=REDACTED&api-version=2025-08-01&t=REDACTED&c=REDACTED&s=REDACTED&h=REDACTED'
Request method: 'GET'
Request headers:
    'x-ms-client-request-id': '95f775e3-5a55-11f1-a531-4c034fe7e914'
    'User-Agent': 'azsdk-python-mgmt-storage/25.0.0 Python/3.12.0 (Windows-11-10.0.22621-SP0)'
    'Authorization': 'REDACTED'
No body was attached to the request
2026-05-28 10:55:37,551 INFO Response status: 200
Response headers:
    'Cache-Control': 'no-cache'
    'Pragma': 'no-cache'
    'Content-Length': '1561'
    'Content-Type': 'application/json'
    'Expires': '-1'
    'x-ms-request-id': 'd735ba48-7094-449a-a096-1e1f0914b07b'
    'Strict-Transport-Security': 'REDACTED'
    'x-ms-operation-identifier': 'REDACTED'
    'x-ms-ratelimit-remaining-subscription-reads': '249'
    'x-ms-ratelimit-remaining-subscription-global-reads': 'REDACTED'
    'x-ms-correlation-request-id': 'REDACTED'
    'x-ms-routing-request-id': 'REDACTED'
    'X-Content-Type-Options': 'REDACTED'
    'X-Cache': 'REDACTED'
    'X-MSEdge-Ref': 'Ref A: 2D58C928E38C421591D4E92DD9759E95 Ref B: PNQ231110908060 Ref C: 2026-05-28T05:25:37Z'
    'Date': 'Thu, 28 May 2026 05:25:37 GMT'
2026-05-28 10:55:37,561 INFO Storage account created successfully
